---
source: src/tui/view.rs
expression: "render_visible(&m, 72, 10)"
---
                             variables (2)                              
   editor    = vim   (1 session)
 > workspace = myproj   (2 sessions)                                    

  workspace governs 2 attachments:
    {workspace}-edit         myproj-edit      pid 111  -> newproj-edit
    {workspace}-term         myproj-term      pid 222  -> newproj-term
  set workspace = newproj_   (ret: apply, esc: cancel)
