---
source: src/tui/view.rs
expression: "render_visible(&m, 72, 6)"
---
                          shpool (0 sessions)                           
  name  created  active                                                 
  (no sessions)
  j down   k up   spc attach   n new   d kill   D daemon   q quit
